---
source: crates/agent-tui/tests/snapshot_tests.rs
expression: output
---
" Projects / Sessions   │                                                                            "
"        ┌ Help / Keybindings ──────────────────────────────────────────────────────────────┐        "
"        │Current focus: Chat composer                                                      │        "
"        │                                                                                  │        "
"        │Global shortcuts                                                                  │        "
"        │F1 toggle this help    Tab cycle focus                                            │        "
"        │Esc close overlay or cancel    Alt+1/2/3 focus chat/sessions/trace                │        "
"        │Alt+N new session    Alt+S / Alt+T toggle sidebars                                │        "
"        │Ctrl+P command palette    Ctrl+M MCP manager                                      │        "
"        │Ctrl+S skills    Ctrl+L models                                                    │        "
"        │Ctrl+G plugins    Alt+I / Alt+H instructions/hooks                                │        "
"        │Ctrl+C interrupt, then quit                                                       │        "
"        │                                                                                  │        "
"        │Current focus shortcuts                                                           │        "
"        │Enter send in single-line mode    Ctrl+Enter send from multi-line mode            │        "
"        │Alt+E toggle input mode    Up/Down draft history                                  │        "
"        │Alt+Arrows work with queued messages                                              │        "
"        │                                                                                  │        "
"        │Common commands                                                                   │        "
"        │:compact summarise older history    :model <alias> switch model profile           │        "
"        │:attach <path> attach file to next message    :project draft start draft session  │        "
"        │:skills list native skills                                                        │        "
"        │                                                                                  │        "
"        │F1 or Esc closes help                                                             │        "
"        │                                                                                  │────────"
"        │                                                                                  │        "
"        └──────────────────────────────────────────────────────────────────────────────────┘        "
"      sessions: 0                                                                                   "
